........................................................................ [ 86%]
...........                                                              [100%]
=============================== warnings summary ===============================
tests/test_integration_5nines.py:222
  /home/dee/workspace/AI/Repo-Scanner/tests/test_integration_5nines.py:222: PytestUnknownMarkWarning: Unknown pytest.mark.integration - is this a typo?  You can register custom marks to avoid this warning - for details, see https://docs.pytest.org/en/stable/how-to/mark.html
    @pytest.mark.integration

-- Docs: https://docs.pytest.org/en/stable/how-to/capture-warnings.html
83 passed, 1 warning in 34.35s
